../Core/Src/LiquidCrystal.c:35:6:LiquidCrystal	64	static
../Core/Src/LiquidCrystal.c:44:6:init	24	static
../Core/Src/LiquidCrystal.c:70:6:begin	32	static
../Core/Src/LiquidCrystal.c:161:6:enableClock	32	static
../Core/Src/LiquidCrystal.c:177:6:setRowOffsets	24	static
../Core/Src/LiquidCrystal.c:186:6:clear	8	static
../Core/Src/LiquidCrystal.c:192:6:home	8	static
../Core/Src/LiquidCrystal.c:198:6:setCursor	24	static
../Core/Src/LiquidCrystal.c:212:6:noDisplay	8	static
../Core/Src/LiquidCrystal.c:216:6:display	8	static
../Core/Src/LiquidCrystal.c:222:6:noCursor	8	static
../Core/Src/LiquidCrystal.c:226:6:cursor	8	static
../Core/Src/LiquidCrystal.c:232:6:noBlink	8	static
../Core/Src/LiquidCrystal.c:236:6:blink	8	static
../Core/Src/LiquidCrystal.c:242:6:scrollDisplayLeft	8	static
../Core/Src/LiquidCrystal.c:245:6:scrollDisplayRight	8	static
../Core/Src/LiquidCrystal.c:250:6:leftToRight	8	static
../Core/Src/LiquidCrystal.c:256:6:rightToLeft	8	static
../Core/Src/LiquidCrystal.c:262:6:autoscroll	8	static
../Core/Src/LiquidCrystal.c:268:6:noAutoscroll	8	static
../Core/Src/LiquidCrystal.c:274:8:print	32	static
../Core/Src/LiquidCrystal.c:290:6:createChar	24	static
../Core/Src/LiquidCrystal.c:300:13:command	16	static
../Core/Src/LiquidCrystal.c:304:15:write	16	static
../Core/Src/LiquidCrystal.c:312:6:send	16	static
../Core/Src/LiquidCrystal.c:328:6:pulseEnable	8	static
../Core/Src/LiquidCrystal.c:337:6:write4bits	24	static
../Core/Src/LiquidCrystal.c:345:6:write8bits	24	static
