../Core/Src/oled.c:21:6:OLED_Select	8	static
../Core/Src/oled.c:26:6:OLED_Deselect	8	static
../Core/Src/oled.c:32:6:OLED_DataMode	8	static
../Core/Src/oled.c:37:6:OLED_CommMode	8	static
../Core/Src/oled.c:42:6:OLED_SPI_Write	16	static
../Core/Src/oled.c:58:6:SSD1306_WRITECOMMAND	16	static
../Core/Src/oled.c:66:6:SSD1306_WRITEDATA	16	static
../Core/Src/oled.c:74:6:SSD1306_Write_Multi_Data	16	static
../Core/Src/oled.c:108:6:SSD1306_ScrollRight	16	static
../Core/Src/oled.c:121:6:SSD1306_ScrollLeft	16	static
../Core/Src/oled.c:134:6:SSD1306_Scrolldiagright	16	static
../Core/Src/oled.c:150:6:SSD1306_Scrolldiagleft	16	static
../Core/Src/oled.c:166:6:SSD1306_Stopscroll	8	static
../Core/Src/oled.c:173:6:SSD1306_InvertDisplay	16	static
../Core/Src/oled.c:182:6:SSD1306_DrawBitmap	32	static
../Core/Src/oled.c:206:9:SSD1306_Init	16	static
../Core/Src/oled.c:266:6:SSD1306_UpdateScreen	16	static
../Core/Src/oled.c:280:6:SSD1306_ToggleInvert	16	static
../Core/Src/oled.c:292:6:SSD1306_Fill	16	static
../Core/Src/oled.c:297:6:SSD1306_DrawPixel	16	static
../Core/Src/oled.c:319:6:SSD1306_GotoXY	16	static
../Core/Src/oled.c:325:6:SSD1306_Putc	32	static
../Core/Src/oled.c:356:6:SSD1306_Puts	24	static
../Core/Src/oled.c:374:6:SSD1306_DrawLine	40	static
../Core/Src/oled.c:458:6:SSD1306_DrawRectangle	32	static
../Core/Src/oled.c:483:6:SSD1306_DrawFilledRectangle	40	static
../Core/Src/oled.c:510:6:SSD1306_DrawTriangle	32	static
../Core/Src/oled.c:518:6:SSD1306_DrawFilledTriangle	64	static
../Core/Src/oled.c:574:6:SSD1306_DrawCircle	40	static
../Core/Src/oled.c:608:6:SSD1306_DrawFilledCircle	48	static
../Core/Src/oled.c:641:6:SSD1306_Clear	8	static
../Core/Src/oled.c:646:6:SSD1306_ON	8	static
../Core/Src/oled.c:651:6:SSD1306_OFF	8	static
../Core/Src/oled.c:658:6:ssd1306_I2C_Init	16	static
