../Core/Src/MAX31865.c:19:6:writeRegister8	24	static
../Core/Src/MAX31865.c:35:6:readRegisterN	16	static
../Core/Src/MAX31865.c:44:9:readRegister8	24	static
../Core/Src/MAX31865.c:55:10:readRegister16	24	static
../Core/Src/MAX31865.c:71:10:readRegister24	24	static
../Core/Src/MAX31865.c:88:6:setWires	24	static
../Core/Src/MAX31865.c:98:6:enableBias	24	static
../Core/Src/MAX31865.c:112:6:autoConvert	24	static
../Core/Src/MAX31865.c:126:6:enable50HzFilter	24	static
../Core/Src/MAX31865.c:141:6:setThresholds	16	static
../Core/Src/MAX31865.c:152:10:getLowerThreshold	8	static
../Core/Src/MAX31865.c:160:10:getUpperThreshold	8	static
../Core/Src/MAX31865.c:164:6:begin	16	static
../Core/Src/MAX31865.c:184:10:readRTD	16	static
../Core/Src/MAX31865.c:211:7:temperature	16	static
../Core/Src/MAX31865.c:222:7:calculateTemperature	64	static
../Core/Src/MAX31865.c:266:9:readFault	24	static
../Core/Src/MAX31865.c:295:6:clearFault	16	static
