../Core/Src/main.c:68:6:start_signal	24	static
../Core/Src/main.c:85:9:check_response	8	static
../Core/Src/main.c:100:9:read_byte	16	static
../Core/Src/main.c:112:6:delay_us	16	static
../Core/Src/main.c:117:6:send_uart	16	static
../Core/Src/main.c:126:5:main	112	static
../Core/Src/main.c:213:6:SystemClock_Config	72	static
../Core/Src/main.c:252:13:MX_TIM1_Init	32	static
../Core/Src/main.c:298:13:MX_USART1_UART_Init	8	static
../Core/Src/main.c:331:13:MX_GPIO_Init	32	static
../Core/Src/main.c:362:6:Error_Handler	4	static,ignoring_inline_asm
