../Core/Src/KS0108.c:10:6:_delay_ms	16	static
../Core/Src/KS0108.c:15:6:_delay_us	24	static
../Core/Src/KS0108.c:45:6:GLCD_SendCommand	16	static
../Core/Src/KS0108.c:66:6:GLCD_SendData	16	static
../Core/Src/KS0108.c:93:6:GLCD_Setup	232	static
../Core/Src/KS0108.c:133:6:GLCD_Render	16	static
../Core/Src/KS0108.c:146:6:GLCD_InvertMode	4	static
../Core/Src/KS0108.c:154:6:GLCD_Clear	8	static
../Core/Src/KS0108.c:159:6:GLCD_ClearLine	24	static
../Core/Src/KS0108.c:173:6:GLCD_GotoX	16	static
../Core/Src/KS0108.c:179:6:GLCD_GotoY	16	static
../Core/Src/KS0108.c:185:6:GLCD_GotoXY	16	static
../Core/Src/KS0108.c:191:6:GLCD_GotoLine	16	static
../Core/Src/KS0108.c:197:9:GLCD_GetX	4	static
../Core/Src/KS0108.c:202:9:GLCD_GetY	4	static
../Core/Src/KS0108.c:207:9:GLCD_GetLine	4	static
../Core/Src/KS0108.c:212:6:GLCD_SetPixel	24	static
../Core/Src/KS0108.c:232:6:GLCD_SetPixels	32	static
../Core/Src/KS0108.c:295:6:GLCD_DrawBitmap	32	static
../Core/Src/KS0108.c:407:6:GLCD_DrawLine	40	static
../Core/Src/KS0108.c:460:6:GLCD_DrawRectangle	24	static
../Core/Src/KS0108.c:472:6:GLCD_DrawRoundRectangle	32	static
../Core/Src/KS0108.c:521:6:GLCD_DrawTriangle	32	static
../Core/Src/KS0108.c:532:6:GLCD_DrawCircle	32	static
../Core/Src/KS0108.c:568:6:GLCD_FillScreen	24	static
../Core/Src/KS0108.c:577:6:GLCD_FillRectangle	32	static
../Core/Src/KS0108.c:582:6:GLCD_FillRoundRectangle	40	static
../Core/Src/KS0108.c:634:6:GLCD_FillTriangle	72	static
../Core/Src/KS0108.c:675:6:GLCD_FillCircle	40	static
../Core/Src/KS0108.c:718:6:GLCD_InvertRect	32	static
../Core/Src/KS0108.c:777:6:GLCD_SetFont	16	static
../Core/Src/KS0108.c:796:9:GLCD_GetWidthChar	16	static
../Core/Src/KS0108.c:801:10:GLCD_GetWidthString	24	static
../Core/Src/KS0108.c:811:10:GLCD_GetWidthString_P	24	static
../Core/Src/KS0108.c:824:6:GLCD_PrintChar	32	static
../Core/Src/KS0108.c:951:6:GLCD_PrintString	16	static
../Core/Src/KS0108.c:962:6:GLCD_PrintString_P	24	static
../Core/Src/KS0108.c:975:6:GLCD_PrintInteger	32	static
../Core/Src/KS0108.c:994:6:GLCD_PrintDouble	32	static
../Core/Src/KS0108.c:1023:13:GLCD_Send	16	static
../Core/Src/KS0108.c:1037:13:GLCD_WaitBusy	56	static
../Core/Src/KS0108.c:1070:13:GLCD_BufferWrite	16	static
../Core/Src/KS0108.c:1076:16:GLCD_BufferRead	16	static
../Core/Src/KS0108.c:1082:13:GLCD_SelectChip	24	static
../Core/Src/KS0108.c:1111:13:__GLCD_GotoX	24	static
../Core/Src/KS0108.c:1129:13:__GLCD_GotoY	24	static
../Core/Src/KS0108.c:1146:20:GLCD_DrawHLine	32	static
../Core/Src/KS0108.c:1158:20:GLCD_DrawVLine	40	static
../Core/Src/KS0108.c:1166:20:Pulse_En	8	static
../Core/Src/KS0108.c:1174:13:Int2bcd	24	static
