../Core/Src/main.c:74:6:HandleStartStop	16	static
../Core/Src/main.c:116:6:HandleDutyCycle	16	static
../Core/Src/main.c:137:6:UpdatePWM	136	static
../Core/Src/main.c:188:6:SendUartMessage	16	static
../Core/Src/main.c:199:5:main	8	static
../Core/Src/main.c:249:6:SystemClock_Config	72	static
../Core/Src/main.c:288:13:MX_TIM2_Init	48	static
../Core/Src/main.c:337:13:MX_USART1_UART_Init	8	static
../Core/Src/main.c:370:13:MX_GPIO_Init	32	static
../Core/Src/main.c:409:6:Error_Handler	4	static,ignoring_inline_asm
