Archive member included to satisfy reference by file (symbol)

f:/prog_files/stmicroelectronics/stm32cubeide_1.3.0/stm32cubeide/plugins/com.st.stm32cube.ide.mcu.externaltools.gnu-tools-for-stm32.7-2018-q2-update.win32_1.0.0.201904181610/tools/bin/../lib/gcc/arm-none-eabi/7.3.1/../../../../arm-none-eabi/lib/thumb/v7e-m/fpv4-sp/hard\libc_nano.a(lib_a-errno.o)
                              Src/syscalls.o (__errno)
f:/prog_files/stmicroelectronics/stm32cubeide_1.3.0/stm32cubeide/plugins/com.st.stm32cube.ide.mcu.externaltools.gnu-tools-for-stm32.7-2018-q2-update.win32_1.0.0.201904181610/tools/bin/../lib/gcc/arm-none-eabi/7.3.1/../../../../arm-none-eabi/lib/thumb/v7e-m/fpv4-sp/hard\libc_nano.a(lib_a-exit.o)
                              f:/prog_files/stmicroelectronics/stm32cubeide_1.3.0/stm32cubeide/plugins/com.st.stm32cube.ide.mcu.externaltools.gnu-tools-for-stm32.7-2018-q2-update.win32_1.0.0.201904181610/tools/bin/../lib/gcc/arm-none-eabi/7.3.1/../../../../arm-none-eabi/lib/thumb/v7e-m/fpv4-sp/hard/crt0.o (exit)
f:/prog_files/stmicroelectronics/stm32cubeide_1.3.0/stm32cubeide/plugins/com.st.stm32cube.ide.mcu.externaltools.gnu-tools-for-stm32.7-2018-q2-update.win32_1.0.0.201904181610/tools/bin/../lib/gcc/arm-none-eabi/7.3.1/../../../../arm-none-eabi/lib/thumb/v7e-m/fpv4-sp/hard\libc_nano.a(lib_a-impure.o)
                              f:/prog_files/stmicroelectronics/stm32cubeide_1.3.0/stm32cubeide/plugins/com.st.stm32cube.ide.mcu.externaltools.gnu-tools-for-stm32.7-2018-q2-update.win32_1.0.0.201904181610/tools/bin/../lib/gcc/arm-none-eabi/7.3.1/../../../../arm-none-eabi/lib/thumb/v7e-m/fpv4-sp/hard\libc_nano.a(lib_a-exit.o) (_global_impure_ptr)
f:/prog_files/stmicroelectronics/stm32cubeide_1.3.0/stm32cubeide/plugins/com.st.stm32cube.ide.mcu.externaltools.gnu-tools-for-stm32.7-2018-q2-update.win32_1.0.0.201904181610/tools/bin/../lib/gcc/arm-none-eabi/7.3.1/../../../../arm-none-eabi/lib/thumb/v7e-m/fpv4-sp/hard\libc_nano.a(lib_a-init.o)
                              f:/prog_files/stmicroelectronics/stm32cubeide_1.3.0/stm32cubeide/plugins/com.st.stm32cube.ide.mcu.externaltools.gnu-tools-for-stm32.7-2018-q2-update.win32_1.0.0.201904181610/tools/bin/../lib/gcc/arm-none-eabi/7.3.1/../../../../arm-none-eabi/lib/thumb/v7e-m/fpv4-sp/hard/crt0.o (__libc_init_array)
f:/prog_files/stmicroelectronics/stm32cubeide_1.3.0/stm32cubeide/plugins/com.st.stm32cube.ide.mcu.externaltools.gnu-tools-for-stm32.7-2018-q2-update.win32_1.0.0.201904181610/tools/bin/../lib/gcc/arm-none-eabi/7.3.1/../../../../arm-none-eabi/lib/thumb/v7e-m/fpv4-sp/hard\libc_nano.a(lib_a-memset.o)
                              f:/prog_files/stmicroelectronics/stm32cubeide_1.3.0/stm32cubeide/plugins/com.st.stm32cube.ide.mcu.externaltools.gnu-tools-for-stm32.7-2018-q2-update.win32_1.0.0.201904181610/tools/bin/../lib/gcc/arm-none-eabi/7.3.1/../../../../arm-none-eabi/lib/thumb/v7e-m/fpv4-sp/hard/crt0.o (memset)
f:/prog_files/stmicroelectronics/stm32cubeide_1.3.0/stm32cubeide/plugins/com.st.stm32cube.ide.mcu.externaltools.gnu-tools-for-stm32.7-2018-q2-update.win32_1.0.0.201904181610/tools/bin/../lib/gcc/arm-none-eabi/7.3.1/thumb/v7e-m/fpv4-sp/hard\libgcc.a(_arm_addsubdf3.o)
                              ECUAL/STEPPER/STEPPER.o (__aeabi_ui2d)
f:/prog_files/stmicroelectronics/stm32cubeide_1.3.0/stm32cubeide/plugins/com.st.stm32cube.ide.mcu.externaltools.gnu-tools-for-stm32.7-2018-q2-update.win32_1.0.0.201904181610/tools/bin/../lib/gcc/arm-none-eabi/7.3.1/thumb/v7e-m/fpv4-sp/hard\libgcc.a(_arm_muldivdf3.o)
                              ECUAL/STEPPER/STEPPER.o (__aeabi_ddiv)
f:/prog_files/stmicroelectronics/stm32cubeide_1.3.0/stm32cubeide/plugins/com.st.stm32cube.ide.mcu.externaltools.gnu-tools-for-stm32.7-2018-q2-update.win32_1.0.0.201904181610/tools/bin/../lib/gcc/arm-none-eabi/7.3.1/thumb/v7e-m/fpv4-sp/hard\libgcc.a(_arm_fixunsdfsi.o)
                              ECUAL/STEPPER/STEPPER.o (__aeabi_d2uiz)

Allocating common symbols
Common symbol       size              file

htim15              0x40              Src/main.o
uwTick              0x4               Drivers/STM32L4xx_HAL_Driver/Src/stm32l4xx_hal.o
hadc1               0x64              Src/main.o

Discarded input sections

 .text          0x0000000000000000        0x0 f:/prog_files/stmicroelectronics/stm32cubeide_1.3.0/stm32cubeide/plugins/com.st.stm32cube.ide.mcu.externaltools.gnu-tools-for-stm32.7-2018-q2-update.win32_1.0.0.201904181610/tools/bin/../lib/gcc/arm-none-eabi/7.3.1/thumb/v7e-m/fpv4-sp/hard/crti.o
 .data          0x0000000000000000        0x0 f:/prog_files/stmicroelectronics/stm32cubeide_1.3.0/stm32cubeide/plugins/com.st.stm32cube.ide.mcu.externaltools.gnu-tools-for-stm32.7-2018-q2-update.win32_1.0.0.201904181610/tools/bin/../lib/gcc/arm-none-eabi/7.3.1/thumb/v7e-m/fpv4-sp/hard/crti.o
[...]
Memory Configuration

Name             Origin             Length             Attributes
RAM              0x0000000020000000 0x0000000000010000 xrw
FLASH            0x0000000008000000 0x0000000000040000 xr
*default*        0x0000000000000000 0xffffffffffffffff

Linker script and memory map

LOAD f:/prog_files/stmicroelectronics/stm32cubeide_1.3.0/stm32cubeide/plugins/com.st.stm32cube.ide.mcu.externaltools.gnu-tools-for-stm32.7-2018-q2-update.win32_1.0.0.201904181610/tools/bin/../lib/gcc/arm-none-eabi/7.3.1/thumb/v7e-m/fpv4-sp/hard/crti.o
LOAD f:/prog_files/stmicroelectronics/stm32cubeide_1.3.0/stm32cubeide/plugins/com.st.stm32cube.ide.mcu.externaltools.gnu-tools-for-stm32.7-2018-q2-update.win32_1.0.0.201904181610/tools/bin/../lib/gcc/arm-none-eabi/7.3.1/thumb/v7e-m/fpv4-sp/hard/crtbegin.o
LOAD f:/prog_files/stmicroelectronics/stm32cubeide_1.3.0/stm32cubeide/plugins/com.st.stm32cube.ide.mcu.externaltools.gnu-tools-for-stm32.7-2018-q2-update.win32_1.0.0.201904181610/tools/bin/../lib/gcc/arm-none-eabi/7.3.1/../../../../arm-none-eabi/lib/thumb/v7e-m/fpv4-sp/hard/crt0.o
LOAD Drivers/STM32L4xx_HAL_Driver/Src/stm32l4xx_hal.o
LOAD Drivers/STM32L4xx_HAL_Driver/Src/stm32l4xx_hal_adc.o
LOAD Drivers/STM32L4xx_HAL_Driver/Src/stm32l4xx_hal_adc_ex.o
LOAD Drivers/STM32L4xx_HAL_Driver/Src/stm32l4xx_hal_cortex.o
LOAD Drivers/STM32L4xx_HAL_Driver/Src/stm32l4xx_hal_dma.o
LOAD Drivers/STM32L4xx_HAL_Driver/Src/stm32l4xx_hal_dma_ex.o
LOAD Drivers/STM32L4xx_HAL_Driver/Src/stm32l4xx_hal_exti.o
LOAD Drivers/STM32L4xx_HAL_Driver/Src/stm32l4xx_hal_flash.o
LOAD Drivers/STM32L4xx_HAL_Driver/Src/stm32l4xx_hal_flash_ex.o
LOAD Drivers/STM32L4xx_HAL_Driver/Src/stm32l4xx_hal_flash_ramfunc.o
LOAD Drivers/STM32L4xx_HAL_Driver/Src/stm32l4xx_hal_gpio.o
LOAD Drivers/STM32L4xx_HAL_Driver/Src/stm32l4xx_hal_i2c.o
LOAD Drivers/STM32L4xx_HAL_Driver/Src/stm32l4xx_hal_i2c_ex.o
LOAD Drivers/STM32L4xx_HAL_Driver/Src/stm32l4xx_hal_pwr.o
LOAD Drivers/STM32L4xx_HAL_Driver/Src/stm32l4xx_hal_pwr_ex.o
LOAD Drivers/STM32L4xx_HAL_Driver/Src/stm32l4xx_hal_rcc.o
LOAD Drivers/STM32L4xx_HAL_Driver/Src/stm32l4xx_hal_rcc_ex.o
LOAD Drivers/STM32L4xx_HAL_Driver/Src/stm32l4xx_hal_tim.o
LOAD Drivers/STM32L4xx_HAL_Driver/Src/stm32l4xx_hal_tim_ex.o
LOAD ECUAL/STEPPER/STEPPER.o
LOAD ECUAL/STEPPER/STEPPER_cfg.o
LOAD Src/main.o
LOAD Src/stm32l4xx_hal_msp.o
LOAD Src/stm32l4xx_it.o
LOAD Src/syscalls.o
LOAD Src/sysmem.o
LOAD Src/system_stm32l4xx.o
LOAD Startup/startup_stm32l432kcux.o
LOAD util/DWT_Delay.o
START GROUP
LOAD f:/prog_files/stmicroelectronics/stm32cubeide_1.3.0/stm32cubeide/plugins/com.st.stm32cube.ide.mcu.externaltools.gnu-tools-for-stm32.7-2018-q2-update.win32_1.0.0.201904181610/tools/bin/../lib/gcc/arm-none-eabi/7.3.1/../../../../arm-none-eabi/lib/thumb/v7e-m/fpv4-sp/hard\libc_nano.a
LOAD f:/prog_files/stmicroelectronics/stm32cubeide_1.3.0/stm32cubeide/plugins/com.st.stm32cube.ide.mcu.externaltools.gnu-tools-for-stm32.7-2018-q2-update.win32_1.0.0.201904181610/tools/bin/../lib/gcc/arm-none-eabi/7.3.1/../../../../arm-none-eabi/lib/thumb/v7e-m/fpv4-sp/hard\libm.a
END GROUP
START GROUP
LOAD f:/prog_files/stmicroelectronics/stm32cubeide_1.3.0/stm32cubeide/plugins/com.st.stm32cube.ide.mcu.externaltools.gnu-tools-for-stm32.7-2018-q2-update.win32_1.0.0.201904181610/tools/bin/../lib/gcc/arm-none-eabi/7.3.1/thumb/v7e-m/fpv4-sp/hard\libgcc.a
LOAD f:/prog_files/stmicroelectronics/stm32cubeide_1.3.0/stm32cubeide/plugins/com.st.stm32cube.ide.mcu.externaltools.gnu-tools-for-stm32.7-2018-q2-update.win32_1.0.0.201904181610/tools/bin/../lib/gcc/arm-none-eabi/7.3.1/../../../../arm-none-eabi/lib/thumb/v7e-m/fpv4-sp/hard\libc_nano.a
END GROUP
START GROUP
LOAD f:/prog_files/stmicroelectronics/stm32cubeide_1.3.0/stm32cubeide/plugins/com.st.stm32cube.ide.mcu.externaltools.gnu-tools-for-stm32.7-2018-q2-update.win32_1.0.0.201904181610/tools/bin/../lib/gcc/arm-none-eabi/7.3.1/thumb/v7e-m/fpv4-sp/hard\libgcc.a
LOAD f:/prog_files/stmicroelectronics/stm32cubeide_1.3.0/stm32cubeide/plugins/com.st.stm32cube.ide.mcu.externaltools.gnu-tools-for-stm32.7-2018-q2-update.win32_1.0.0.201904181610/tools/bin/../lib/gcc/arm-none-eabi/7.3.1/../../../../arm-none-eabi/lib/thumb/v7e-m/fpv4-sp/hard\libc_nano.a
LOAD f:/prog_files/stmicroelectronics/stm32cubeide_1.3.0/stm32cubeide/plugins/com.st.stm32cube.ide.mcu.externaltools.gnu-tools-for-stm32.7-2018-q2-update.win32_1.0.0.201904181610/tools/bin/../lib/gcc/arm-none-eabi/7.3.1/../../../../arm-none-eabi/lib/thumb/v7e-m/fpv4-sp/hard\libnosys.a
END GROUP
START GROUP
LOAD f:/prog_files/stmicroelectronics/stm32cubeide_1.3.0/stm32cubeide/plugins/com.st.stm32cube.ide.mcu.externaltools.gnu-tools-for-stm32.7-2018-q2-update.win32_1.0.0.201904181610/tools/bin/../lib/gcc/arm-none-eabi/7.3.1/thumb/v7e-m/fpv4-sp/hard\libgcc.a
LOAD f:/prog_files/stmicroelectronics/stm32cubeide_1.3.0/stm32cubeide/plugins/com.st.stm32cube.ide.mcu.externaltools.gnu-tools-for-stm32.7-2018-q2-update.win32_1.0.0.201904181610/tools/bin/../lib/gcc/arm-none-eabi/7.3.1/../../../../arm-none-eabi/lib/thumb/v7e-m/fpv4-sp/hard\libc_nano.a
LOAD f:/prog_files/stmicroelectronics/stm32cubeide_1.3.0/stm32cubeide/plugins/com.st.stm32cube.ide.mcu.externaltools.gnu-tools-for-stm32.7-2018-q2-update.win32_1.0.0.201904181610/tools/bin/../lib/gcc/arm-none-eabi/7.3.1/../../../../arm-none-eabi/lib/thumb/v7e-m/fpv4-sp/hard\libnosys.a
END GROUP
LOAD f:/prog_files/stmicroelectronics/stm32cubeide_1.3.0/stm32cubeide/plugins/com.st.stm32cube.ide.mcu.externaltools.gnu-tools-for-stm32.7-2018-q2-update.win32_1.0.0.201904181610/tools/bin/../lib/gcc/arm-none-eabi/7.3.1/thumb/v7e-m/fpv4-sp/hard/crtend.o
LOAD f:/prog_files/stmicroelectronics/stm32cubeide_1.3.0/stm32cubeide/plugins/com.st.stm32cube.ide.mcu.externaltools.gnu-tools-for-stm32.7-2018-q2-update.win32_1.0.0.201904181610/tools/bin/../lib/gcc/arm-none-eabi/7.3.1/thumb/v7e-m/fpv4-sp/hard/crtn.o
                0x0000000020010000                _estack = (ORIGIN (RAM) + LENGTH (RAM))
                0x0000000000000200                _Min_Heap_Size = 0x200
                0x0000000000000400                _Min_Stack_Size = 0x400

.isr_vector     0x0000000008000000      0x18c
                0x0000000008000000                . = ALIGN (0x4)
 *(.isr_vector)
 .isr_vector    0x0000000008000000      0x18c Startup/startup_stm32l432kcux.o
                0x0000000008000000                g_pfnVectors
                0x000000000800018c                . = ALIGN (0x4)

.text           0x0000000008000190     0x47f0
                0x0000000008000190                . = ALIGN (0x4)
 *(.text)
 .text          0x0000000008000190       0x40 f:/prog_files/stmicroelectronics/stm32cubeide_1.3.0/stm32cubeide/plugins/com.st.stm32cube.ide.mcu.externaltools.gnu-tools-for-stm32.7-2018-q2-update.win32_1.0.0.201904181610/tools/bin/../lib/gcc/arm-none-eabi/7.3.1/thumb/v7e-m/fpv4-sp/hard/crtbegin.o
 .text          0x00000000080001d0      0x378 f:/prog_files/stmicroelectronics/stm32cubeide_1.3.0/stm32cubeide/plugins/com.st.stm32cube.ide.mcu.externaltools.gnu-tools-for-stm32.7-2018-q2-update.win32_1.0.0.201904181610/tools/bin/../lib/gcc/arm-none-eabi/7.3.1/thumb/v7e-m/fpv4-sp/hard\libgcc.a(_arm_addsubdf3.o)
                0x00000000080001d0                __aeabi_drsub
                0x00000000080001d8                __aeabi_dsub
                0x00000000080001d8                __subdf3
                0x00000000080001dc                __aeabi_dadd
                0x00000000080001dc                __adddf3
                0x0000000008000454                __floatunsidf
                0x0000000008000454                __aeabi_ui2d
                0x0000000008000474                __floatsidf
                0x0000000008000474                __aeabi_i2d
                0x0000000008000498                __aeabi_f2d
                0x0000000008000498                __extendsfdf2
                0x00000000080004dc                __floatundidf
                0x00000000080004dc                __aeabi_ul2d
                0x00000000080004ec                __floatdidf
                0x00000000080004ec                __aeabi_l2d
 .text          0x0000000008000548      0x424 f:/prog_files/stmicroelectronics/stm32cubeide_1.3.0/stm32cubeide/plugins/com.st.stm32cube.ide.mcu.externaltools.gnu-tools-for-stm32.7-2018-q2-update.win32_1.0.0.201904181610/tools/bin/../lib/gcc/arm-none-eabi/7.3.1/thumb/v7e-m/fpv4-sp/hard\libgcc.a(_arm_muldivdf3.o)
                0x0000000008000548                __aeabi_dmul
                0x0000000008000548                __muldf3
                0x000000000800079c                __divdf3
                0x000000000800079c                __aeabi_ddiv
 .text          0x000000000800096c       0x40 f:/prog_files/stmicroelectronics/stm32cubeide_1.3.0/stm32cubeide/plugins/com.st.stm32cube.ide.mcu.externaltools.gnu-tools-for-stm32.7-2018-q2-update.win32_1.0.0.201904181610/tools/bin/../lib/gcc/arm-none-eabi/7.3.1/thumb/v7e-m/fpv4-sp/hard\libgcc.a(_arm_fixunsdfsi.o)
                0x000000000800096c                __aeabi_d2uiz
                0x000000000800096c                __fixunsdfsi
 *(.text*)
 .text.HAL_Init
                0x00000000080009ac       0x30 Drivers/STM32L4xx_HAL_Driver/Src/stm32l4xx_hal.o
                0x00000000080009ac                HAL_Init
 .text.HAL_InitTick
                0x00000000080009dc       0x74 Drivers/STM32L4xx_HAL_Driver/Src/stm32l4xx_hal.o
                0x00000000080009dc                HAL_InitTick
 .text.HAL_IncTick
                0x0000000008000a50       0x24 Drivers/STM32L4xx_HAL_Driver/Src/stm32l4xx_hal.o
                0x0000000008000a50                HAL_IncTick
 .text.HAL_GetTick
                0x0000000008000a74       0x18 Drivers/STM32L4xx_HAL_Driver/Src/stm32l4xx_hal.o
                0x0000000008000a74                HAL_GetTick
 .text.HAL_Delay
                0x0000000008000a8c       0x44 Drivers/STM32L4xx_HAL_Driver/Src/stm32l4xx_hal.o
                0x0000000008000a8c                HAL_Delay
 .text.LL_ADC_SetCommonClock
                0x0000000008000ad0       0x26 Drivers/STM32L4xx_HAL_Driver/Src/stm32l4xx_hal_adc.o
 .text.LL_ADC_SetCommonPathInternalCh
                0x0000000008000af6       0x26 Drivers/STM32L4xx_HAL_Driver/Src/stm32l4xx_hal_adc.o
 .text.LL_ADC_GetCommonPathInternalCh
                0x0000000008000b1c       0x1c Drivers/STM32L4xx_HAL_Driver/Src/stm32l4xx_hal_adc.o
 .text.LL_ADC_SetOffset
                0x0000000008000b38       0x44 Drivers/STM32L4xx_HAL_Driver/Src/stm32l4xx_hal_adc.o
 .text.LL_ADC_GetOffsetChannel
                0x0000000008000b7c       0x28 Drivers/STM32L4xx_HAL_Driver/Src/stm32l4xx_hal_adc.o
 .text.LL_ADC_SetOffsetState
                0x0000000008000ba4       0x30 Drivers/STM32L4xx_HAL_Driver/Src/stm32l4xx_hal_adc.o
 .text.LL_ADC_REG_IsTriggerSourceSWStart
                0x0000000008000bd4       0x26 Drivers/STM32L4xx_HAL_Driver/Src/stm32l4xx_hal_adc.o
 .text.LL_ADC_REG_SetSequencerRanks
                0x0000000008000bfa       0x52 Drivers/STM32L4xx_HAL_Driver/Src/stm32l4xx_hal_adc.o
 .text.LL_ADC_SetChannelSamplingTime
                0x0000000008000c4c       0x50 Drivers/STM32L4xx_HAL_Driver/Src/stm32l4xx_hal_adc.o
 .text.LL_ADC_SetChannelSingleDiff
                0x0000000008000c9c       0x48 Drivers/STM32L4xx_HAL_Driver/Src/stm32l4xx_hal_adc.o
 .text.LL_ADC_DisableDeepPowerDown
                0x0000000008000ce4       0x24 Drivers/STM32L4xx_HAL_Driver/Src/stm32l4xx_hal_adc.o
 .text.LL_ADC_IsDeepPowerDownEnabled
                0x0000000008000d08       0x28 Drivers/STM32L4xx_HAL_Driver/Src/stm32l4xx_hal_adc.o
 .text.LL_ADC_EnableInternalRegulator
                0x0000000008000d30       0x28 Drivers/STM32L4xx_HAL_Driver/Src/stm32l4xx_hal_adc.o
 .text.LL_ADC_IsInternalRegulatorEnabled
                0x0000000008000d58       0x28 Drivers/STM32L4xx_HAL_Driver/Src/stm32l4xx_hal_adc.o
 .text.LL_ADC_Enable
                0x0000000008000d80       0x28 Drivers/STM32L4xx_HAL_Driver/Src/stm32l4xx_hal_adc.o
 .text.LL_ADC_IsEnabled
                0x0000000008000da8       0x26 Drivers/STM32L4xx_HAL_Driver/Src/stm32l4xx_hal_adc.o
 .text.LL_ADC_REG_StartConversion
                0x0000000008000dce       0x28 Drivers/STM32L4xx_HAL_Driver/Src/stm32l4xx_hal_adc.o
 .text.LL_ADC_REG_IsConversionOngoing
                0x0000000008000df6       0x26 Drivers/STM32L4xx_HAL_Driver/Src/stm32l4xx_hal_adc.o
 .text.LL_ADC_INJ_IsConversionOngoing
                0x0000000008000e1c       0x26 Drivers/STM32L4xx_HAL_Driver/Src/stm32l4xx_hal_adc.o
 *fill*         0x0000000008000e42        0x2 
 .text.HAL_ADC_Init
                0x0000000008000e44      0x28c Drivers/STM32L4xx_HAL_Driver/Src/stm32l4xx_hal_adc.o
                0x0000000008000e44                HAL_ADC_Init
 .text.HAL_ADC_Start
                0x00000000080010d0       0xc6 Drivers/STM32L4xx_HAL_Driver/Src/stm32l4xx_hal_adc.o
                0x00000000080010d0                HAL_ADC_Start
 .text.HAL_ADC_PollForConversion
                0x0000000008001196      0x110 Drivers/STM32L4xx_HAL_Driver/Src/stm32l4xx_hal_adc.o
                0x0000000008001196                HAL_ADC_PollForConversion
 .text.HAL_ADC_GetValue
                0x00000000080012a6       0x1a Drivers/STM32L4xx_HAL_Driver/Src/stm32l4xx_hal_adc.o
                0x00000000080012a6                HAL_ADC_GetValue
 .text.HAL_ADC_ConfigChannel
                0x00000000080012c0      0x6a8 Drivers/STM32L4xx_HAL_Driver/Src/stm32l4xx_hal_adc.o
                0x00000000080012c0                HAL_ADC_ConfigChannel
 .text.ADC_Enable
                0x0000000008001968       0xb4 Drivers/STM32L4xx_HAL_Driver/Src/stm32l4xx_hal_adc.o
                0x0000000008001968                ADC_Enable
 .text.__NVIC_SetPriorityGrouping
                0x0000000008001a1c       0x48 Drivers/STM32L4xx_HAL_Driver/Src/stm32l4xx_hal_cortex.o
 .text.__NVIC_GetPriorityGrouping
                0x0000000008001a64       0x1c Drivers/STM32L4xx_HAL_Driver/Src/stm32l4xx_hal_cortex.o
 .text.__NVIC_EnableIRQ
                0x0000000008001a80       0x3c Drivers/STM32L4xx_HAL_Driver/Src/stm32l4xx_hal_cortex.o
 .text.__NVIC_SetPriority
                0x0000000008001abc       0x54 Drivers/STM32L4xx_HAL_Driver/Src/stm32l4xx_hal_cortex.o
 .text.NVIC_EncodePriority
                0x0000000008001b10       0x66 Drivers/STM32L4xx_HAL_Driver/Src/stm32l4xx_hal_cortex.o
 *fill*         0x0000000008001b76        0x2 
 .text.SysTick_Config
                0x0000000008001b78       0x44 Drivers/STM32L4xx_HAL_Driver/Src/stm32l4xx_hal_cortex.o
 .text.HAL_NVIC_SetPriorityGrouping
                0x0000000008001bbc       0x16 Drivers/STM32L4xx_HAL_Driver/Src/stm32l4xx_hal_cortex.o
                0x0000000008001bbc                HAL_NVIC_SetPriorityGrouping
 .text.HAL_NVIC_SetPriority
                0x0000000008001bd2       0x38 Drivers/STM32L4xx_HAL_Driver/Src/stm32l4xx_hal_cortex.o
                0x0000000008001bd2                HAL_NVIC_SetPriority
 .text.HAL_NVIC_EnableIRQ
                0x0000000008001c0a       0x1c Drivers/STM32L4xx_HAL_Driver/Src/stm32l4xx_hal_cortex.o
                0x0000000008001c0a                HAL_NVIC_EnableIRQ
 .text.HAL_SYSTICK_Config
                0x0000000008001c26       0x18 Drivers/STM32L4xx_HAL_Driver/Src/stm32l4xx_hal_cortex.o
                0x0000000008001c26                HAL_SYSTICK_Config
 *fill*         0x0000000008001c3e        0x2 
 .text.HAL_GPIO_Init
                0x0000000008001c40      0x2d4 Drivers/STM32L4xx_HAL_Driver/Src/stm32l4xx_hal_gpio.o
                0x0000000008001c40                HAL_GPIO_Init
 .text.HAL_GPIO_ReadPin
                0x0000000008001f14       0x30 Drivers/STM32L4xx_HAL_Driver/Src/stm32l4xx_hal_gpio.o
                0x0000000008001f14                HAL_GPIO_ReadPin
 .text.HAL_GPIO_WritePin
                0x0000000008001f44       0x30 Drivers/STM32L4xx_HAL_Driver/Src/stm32l4xx_hal_gpio.o
                0x0000000008001f44                HAL_GPIO_WritePin
 .text.HAL_PWREx_GetVoltageRange
                0x0000000008001f74       0x1c Drivers/STM32L4xx_HAL_Driver/Src/stm32l4xx_hal_pwr_ex.o
                0x0000000008001f74                HAL_PWREx_GetVoltageRange
 .text.HAL_PWREx_ControlVoltageScaling
                0x0000000008001f90       0xac Drivers/STM32L4xx_HAL_Driver/Src/stm32l4xx_hal_pwr_ex.o
                0x0000000008001f90                HAL_PWREx_ControlVoltageScaling
 .text.HAL_RCC_OscConfig
                0x000000000800203c      0x840 Drivers/STM32L4xx_HAL_Driver/Src/stm32l4xx_hal_rcc.o
                0x000000000800203c                HAL_RCC_OscConfig
 .text.HAL_RCC_ClockConfig
                0x000000000800287c      0x1c4 Drivers/STM32L4xx_HAL_Driver/Src/stm32l4xx_hal_rcc.o
                0x000000000800287c                HAL_RCC_ClockConfig
 .text.HAL_RCC_GetSysClockFreq
                0x0000000008002a40      0x114 Drivers/STM32L4xx_HAL_Driver/Src/stm32l4xx_hal_rcc.o
                0x0000000008002a40                HAL_RCC_GetSysClockFreq
 .text.RCC_SetFlashLatencyFromMSIRange
                0x0000000008002b54       0xc0 Drivers/STM32L4xx_HAL_Driver/Src/stm32l4xx_hal_rcc.o
 .text.HAL_RCCEx_PeriphCLKConfig
                0x0000000008002c14      0x3e4 Drivers/STM32L4xx_HAL_Driver/Src/stm32l4xx_hal_rcc_ex.o
                0x0000000008002c14                HAL_RCCEx_PeriphCLKConfig
 .text.RCCEx_PLLSAI1_Config
                0x0000000008002ff8      0x1e0 Drivers/STM32L4xx_HAL_Driver/Src/stm32l4xx_hal_rcc_ex.o
 .text.HAL_TIM_Base_Init
                0x00000000080031d8       0x56 Drivers/STM32L4xx_HAL_Driver/Src/stm32l4xx_hal_tim.o
                0x00000000080031d8                HAL_TIM_Base_Init
 *fill*         0x000000000800322e        0x2 
 .text.HAL_TIM_Base_Start_IT
                0x0000000008003230       0x54 Drivers/STM32L4xx_HAL_Driver/Src/stm32l4xx_hal_tim.o
                0x0000000008003230                HAL_TIM_Base_Start_IT
 .text.HAL_TIM_IRQHandler
                0x0000000008003284      0x23e Drivers/STM32L4xx_HAL_Driver/Src/stm32l4xx_hal_tim.o
                0x0000000008003284                HAL_TIM_IRQHandler
 .text.HAL_TIM_ConfigClockSource
                0x00000000080034c2      0x172 Drivers/STM32L4xx_HAL_Driver/Src/stm32l4xx_hal_tim.o
                0x00000000080034c2                HAL_TIM_ConfigClockSource
 .text.HAL_TIM_OC_DelayElapsedCallback
                0x0000000008003634       0x14 Drivers/STM32L4xx_HAL_Driver/Src/stm32l4xx_hal_tim.o
                0x0000000008003634                HAL_TIM_OC_DelayElapsedCallback
 .text.HAL_TIM_IC_CaptureCallback
                0x0000000008003648       0x14 Drivers/STM32L4xx_HAL_Driver/Src/stm32l4xx_hal_tim.o
                0x0000000008003648                HAL_TIM_IC_CaptureCallback
 .text.HAL_TIM_PWM_PulseFinishedCallback
                0x000000000800365c       0x14 Drivers/STM32L4xx_HAL_Driver/Src/stm32l4xx_hal_tim.o
                0x000000000800365c                HAL_TIM_PWM_PulseFinishedCallback
 .text.HAL_TIM_TriggerCallback
                0x0000000008003670       0x14 Drivers/STM32L4xx_HAL_Driver/Src/stm32l4xx_hal_tim.o
                0x0000000008003670                HAL_TIM_TriggerCallback
 .text.TIM_Base_SetConfig
                0x0000000008003684       0xc8 Drivers/STM32L4xx_HAL_Driver/Src/stm32l4xx_hal_tim.o
                0x0000000008003684                TIM_Base_SetConfig
 .text.TIM_TI1_ConfigInputStage
                0x000000000800374c       0x5e Drivers/STM32L4xx_HAL_Driver/Src/stm32l4xx_hal_tim.o
 .text.TIM_TI2_ConfigInputStage
                0x00000000080037aa       0x60 Drivers/STM32L4xx_HAL_Driver/Src/stm32l4xx_hal_tim.o
 .text.TIM_ITRx_SetConfig
                0x000000000800380a       0x36 Drivers/STM32L4xx_HAL_Driver/Src/stm32l4xx_hal_tim.o
 .text.TIM_ETR_SetConfig
                0x0000000008003840       0x40 Drivers/STM32L4xx_HAL_Driver/Src/stm32l4xx_hal_tim.o
                0x0000000008003840                TIM_ETR_SetConfig
 .text.HAL_TIMEx_MasterConfigSynchronization
                0x0000000008003880       0xcc Drivers/STM32L4xx_HAL_Driver/Src/stm32l4xx_hal_tim_ex.o
                0x0000000008003880                HAL_TIMEx_MasterConfigSynchronization
 .text.HAL_TIMEx_CommutCallback
                0x000000000800394c       0x14 Drivers/STM32L4xx_HAL_Driver/Src/stm32l4xx_hal_tim_ex.o
                0x000000000800394c                HAL_TIMEx_CommutCallback
 .text.HAL_TIMEx_BreakCallback
                0x0000000008003960       0x14 Drivers/STM32L4xx_HAL_Driver/Src/stm32l4xx_hal_tim_ex.o
                0x0000000008003960                HAL_TIMEx_BreakCallback
 .text.HAL_TIMEx_Break2Callback
                0x0000000008003974       0x14 Drivers/STM32L4xx_HAL_Driver/Src/stm32l4xx_hal_tim_ex.o
                0x0000000008003974                HAL_TIMEx_Break2Callback
 .text.STEPPERS_Init
                0x0000000008003988      0x278 ECUAL/STEPPER/STEPPER.o
                0x0000000008003988                STEPPERS_Init
 .text.STEPPERS_Init_TMR
                0x0000000008003c00       0x94 ECUAL/STEPPER/STEPPER.o
                0x0000000008003c00                STEPPERS_Init_TMR
 *fill*         0x0000000008003c94        0x4 
 .text.STEPPER_SetSpeed
                0x0000000008003c98       0xc8 ECUAL/STEPPER/STEPPER.o
                0x0000000008003c98                STEPPER_SetSpeed
 .text.STEPPER_One_Step
                0x0000000008003d60      0x4d8 ECUAL/STEPPER/STEPPER.o
 .text.STEPPER_Step_NonBlocking
                0x0000000008004238       0x58 ECUAL/STEPPER/STEPPER.o
                0x0000000008004238                STEPPER_Step_NonBlocking
 .text.STEPPER_TMR_OVF_ISR
                0x0000000008004290       0xec ECUAL/STEPPER/STEPPER.o
                0x0000000008004290                STEPPER_TMR_OVF_ISR
 .text.main     0x000000000800437c       0xac Src/main.o
                0x000000000800437c                main
 .text.HAL_TIM_PeriodElapsedCallback
                0x0000000008004428       0x16 Src/main.o
                0x0000000008004428                HAL_TIM_PeriodElapsedCallback
 .text.SystemClock_Config
                0x000000000800443e      0x104 Src/main.o
                0x000000000800443e                SystemClock_Config
 *fill*         0x0000000008004542        0x2 
 .text.MX_ADC1_Init
                0x0000000008004544       0xcc Src/main.o
 .text.MX_GPIO_Init
                0x0000000008004610       0x50 Src/main.o
 .text.Error_Handler
                0x0000000008004660        0xe Src/main.o
                0x0000000008004660                Error_Handler
 *fill*         0x000000000800466e        0x2 
 .text.HAL_MspInit
                0x0000000008004670       0x48 Src/stm32l4xx_hal_msp.o
                0x0000000008004670                HAL_MspInit
 .text.HAL_ADC_MspInit
                0x00000000080046b8       0x7c Src/stm32l4xx_hal_msp.o
                0x00000000080046b8                HAL_ADC_MspInit
 .text.HAL_TIM_Base_MspInit
                0x0000000008004734       0x4c Src/stm32l4xx_hal_msp.o
                0x0000000008004734                HAL_TIM_Base_MspInit
 .text.NMI_Handler
                0x0000000008004780        0xe Src/stm32l4xx_it.o
                0x0000000008004780                NMI_Handler
 .text.HardFault_Handler
                0x000000000800478e        0x6 Src/stm32l4xx_it.o
                0x000000000800478e                HardFault_Handler
 .text.MemManage_Handler
                0x0000000008004794        0x6 Src/stm32l4xx_it.o
                0x0000000008004794                MemManage_Handler
 .text.BusFault_Handler
                0x000000000800479a        0x6 Src/stm32l4xx_it.o
                0x000000000800479a                BusFault_Handler
 .text.UsageFault_Handler
                0x00000000080047a0        0x6 Src/stm32l4xx_it.o
                0x00000000080047a0                UsageFault_Handler
 .text.SVC_Handler
                0x00000000080047a6        0xe Src/stm32l4xx_it.o
                0x00000000080047a6                SVC_Handler
 .text.DebugMon_Handler
                0x00000000080047b4        0xe Src/stm32l4xx_it.o
                0x00000000080047b4                DebugMon_Handler
 .text.PendSV_Handler
                0x00000000080047c2        0xe Src/stm32l4xx_it.o
                0x00000000080047c2                PendSV_Handler
 .text.SysTick_Handler
                0x00000000080047d0        0xc Src/stm32l4xx_it.o
                0x00000000080047d0                SysTick_Handler
 .text.TIM1_BRK_TIM15_IRQHandler
                0x00000000080047dc       0x14 Src/stm32l4xx_it.o
                0x00000000080047dc                TIM1_BRK_TIM15_IRQHandler
 .text.SystemInit
                0x00000000080047f0       0x6c Src/system_stm32l4xx.o
                0x00000000080047f0                SystemInit
 .text.Reset_Handler
                0x000000000800485c       0x50 Startup/startup_stm32l432kcux.o
                0x000000000800485c                Reset_Handler
 .text.Default_Handler
                0x00000000080048ac        0x2 Startup/startup_stm32l432kcux.o
                0x00000000080048ac                RTC_Alarm_IRQHandler
                0x00000000080048ac                EXTI2_IRQHandler
                0x00000000080048ac                TIM1_CC_IRQHandler
                0x00000000080048ac                TSC_IRQHandler
                0x00000000080048ac                TAMP_STAMP_IRQHandler
                0x00000000080048ac                EXTI3_IRQHandler
                0x00000000080048ac                LPTIM2_IRQHandler
                0x00000000080048ac                I2C3_ER_IRQHandler
                0x00000000080048ac                EXTI0_IRQHandler
                0x00000000080048ac                CAN1_RX0_IRQHandler
                0x00000000080048ac                FPU_IRQHandler
                0x00000000080048ac                TIM1_UP_TIM16_IRQHandler
                0x00000000080048ac                SPI1_IRQHandler
                0x00000000080048ac                TIM6_DAC_IRQHandler
                0x00000000080048ac                DMA2_Channel2_IRQHandler
                0x00000000080048ac                DMA1_Channel4_IRQHandler
                0x00000000080048ac                ADC1_IRQHandler
                0x00000000080048ac                DMA1_Channel7_IRQHandler
                0x00000000080048ac                CAN1_RX1_IRQHandler
                0x00000000080048ac                DMA2_Channel1_IRQHandler
                0x00000000080048ac                QUADSPI_IRQHandler
                0x00000000080048ac                I2C1_EV_IRQHandler
                0x00000000080048ac                DMA1_Channel6_IRQHandler
                0x00000000080048ac                DMA2_Channel4_IRQHandler
                0x00000000080048ac                RCC_IRQHandler
                0x00000000080048ac                TIM1_TRG_COM_IRQHandler
                0x00000000080048ac                DMA1_Channel1_IRQHandler
                0x00000000080048ac                Default_Handler
                0x00000000080048ac                DMA2_Channel7_IRQHandler
                0x00000000080048ac                EXTI15_10_IRQHandler
                0x00000000080048ac                TIM7_IRQHandler
                0x00000000080048ac                I2C3_EV_IRQHandler
                0x00000000080048ac                USB_IRQHandler
                0x00000000080048ac                EXTI9_5_IRQHandler
                0x00000000080048ac                RTC_WKUP_IRQHandler
                0x00000000080048ac                PVD_PVM_IRQHandler
                0x00000000080048ac                CAN1_TX_IRQHandler
                0x00000000080048ac                DMA2_Channel5_IRQHandler
                0x00000000080048ac                CRS_IRQHandler
                0x00000000080048ac                DMA1_Channel5_IRQHandler
                0x00000000080048ac                EXTI4_IRQHandler
                0x00000000080048ac                RNG_IRQHandler
                0x00000000080048ac                DMA1_Channel3_IRQHandler
                0x00000000080048ac                COMP_IRQHandler
                0x00000000080048ac                WWDG_IRQHandler
                0x00000000080048ac                LPUART1_IRQHandler
                0x00000000080048ac                DMA2_Channel6_IRQHandler
                0x00000000080048ac                TIM2_IRQHandler
                0x00000000080048ac                EXTI1_IRQHandler
                0x00000000080048ac                USART2_IRQHandler
                0x00000000080048ac                DMA1_Channel2_IRQHandler
                0x00000000080048ac                CAN1_SCE_IRQHandler
                0x00000000080048ac                FLASH_IRQHandler
                0x00000000080048ac                USART1_IRQHandler
                0x00000000080048ac                SPI3_IRQHandler
                0x00000000080048ac                I2C1_ER_IRQHandler
                0x00000000080048ac                SWPMI1_IRQHandler
                0x00000000080048ac                LPTIM1_IRQHandler
                0x00000000080048ac                SAI1_IRQHandler
                0x00000000080048ac                DMA2_Channel3_IRQHandler
 *fill*         0x00000000080048ae        0x2 
 .text.DWT_Delay_Init
                0x00000000080048b0       0x60 util/DWT_Delay.o
                0x00000000080048b0                DWT_Delay_Init
 .text.__libc_init_array
                0x0000000008004910       0x48 f:/prog_files/stmicroelectronics/stm32cubeide_1.3.0/stm32cubeide/plugins/com.st.stm32cube.ide.mcu.externaltools.gnu-tools-for-stm32.7-2018-q2-update.win32_1.0.0.201904181610/tools/bin/../lib/gcc/arm-none-eabi/7.3.1/../../../../arm-none-eabi/lib/thumb/v7e-m/fpv4-sp/hard\libc_nano.a(lib_a-init.o)
                0x0000000008004910                __libc_init_array
 .text.memset   0x0000000008004958       0x10 f:/prog_files/stmicroelectronics/stm32cubeide_1.3.0/stm32cubeide/plugins/com.st.stm32cube.ide.mcu.externaltools.gnu-tools-for-stm32.7-2018-q2-update.win32_1.0.0.201904181610/tools/bin/../lib/gcc/arm-none-eabi/7.3.1/../../../../arm-none-eabi/lib/thumb/v7e-m/fpv4-sp/hard\libc_nano.a(lib_a-memset.o)
                0x0000000008004958                memset
 *(.glue_7)
 .glue_7        0x0000000008004968        0x0 linker stubs
 *(.glue_7t)
 .glue_7t       0x0000000008004968        0x0 linker stubs
 *(.eh_frame)
 .eh_frame      0x0000000008004968        0x0 f:/prog_files/stmicroelectronics/stm32cubeide_1.3.0/stm32cubeide/plugins/com.st.stm32cube.ide.mcu.externaltools.gnu-tools-for-stm32.7-2018-q2-update.win32_1.0.0.201904181610/tools/bin/../lib/gcc/arm-none-eabi/7.3.1/thumb/v7e-m/fpv4-sp/hard/crtbegin.o
 *(.init)
 .init          0x0000000008004968        0x4 f:/prog_files/stmicroelectronics/stm32cubeide_1.3.0/stm32cubeide/plugins/com.st.stm32cube.ide.mcu.externaltools.gnu-tools-for-stm32.7-2018-q2-update.win32_1.0.0.201904181610/tools/bin/../lib/gcc/arm-none-eabi/7.3.1/thumb/v7e-m/fpv4-sp/hard/crti.o
                0x0000000008004968                _init
 .init          0x000000000800496c        0x8 f:/prog_files/stmicroelectronics/stm32cubeide_1.3.0/stm32cubeide/plugins/com.st.stm32cube.ide.mcu.externaltools.gnu-tools-for-stm32.7-2018-q2-update.win32_1.0.0.201904181610/tools/bin/../lib/gcc/arm-none-eabi/7.3.1/thumb/v7e-m/fpv4-sp/hard/crtn.o
 *(.fini)
 .fini          0x0000000008004974        0x4 f:/prog_files/stmicroelectronics/stm32cubeide_1.3.0/stm32cubeide/plugins/com.st.stm32cube.ide.mcu.externaltools.gnu-tools-for-stm32.7-2018-q2-update.win32_1.0.0.201904181610/tools/bin/../lib/gcc/arm-none-eabi/7.3.1/thumb/v7e-m/fpv4-sp/hard/crti.o
                0x0000000008004974                _fini
 .fini          0x0000000008004978        0x8 f:/prog_files/stmicroelectronics/stm32cubeide_1.3.0/stm32cubeide/plugins/com.st.stm32cube.ide.mcu.externaltools.gnu-tools-for-stm32.7-2018-q2-update.win32_1.0.0.201904181610/tools/bin/../lib/gcc/arm-none-eabi/7.3.1/thumb/v7e-m/fpv4-sp/hard/crtn.o
                0x0000000008004980                . = ALIGN (0x4)
                0x0000000008004980                _etext = .

.vfp11_veneer   0x0000000008004980        0x0
 .vfp11_veneer  0x0000000008004980        0x0 linker stubs

.v4_bx          0x0000000008004980        0x0
 .v4_bx         0x0000000008004980        0x0 linker stubs

.iplt           0x0000000008004980        0x0
 .iplt          0x0000000008004980        0x0 f:/prog_files/stmicroelectronics/stm32cubeide_1.3.0/stm32cubeide/plugins/com.st.stm32cube.ide.mcu.externaltools.gnu-tools-for-stm32.7-2018-q2-update.win32_1.0.0.201904181610/tools/bin/../lib/gcc/arm-none-eabi/7.3.1/thumb/v7e-m/fpv4-sp/hard/crtbegin.o

.rodata         0x0000000008004980       0x5c
                0x0000000008004980                . = ALIGN (0x4)
 *(.rodata)
 *(.rodata*)
 .rodata.STEPPER_CfgParam
                0x0000000008004980       0x1c ECUAL/STEPPER/STEPPER_cfg.o
                0x0000000008004980                STEPPER_CfgParam
 .rodata.AHBPrescTable
                0x000000000800499c       0x10 Src/system_stm32l4xx.o
                0x000000000800499c                AHBPrescTable
 .rodata.MSIRangeTable
                0x00000000080049ac       0x30 Src/system_stm32l4xx.o
                0x00000000080049ac                MSIRangeTable
                0x00000000080049dc                . = ALIGN (0x4)

.rel.dyn        0x00000000080049dc        0x0
 .rel.iplt      0x00000000080049dc        0x0 f:/prog_files/stmicroelectronics/stm32cubeide_1.3.0/stm32cubeide/plugins/com.st.stm32cube.ide.mcu.externaltools.gnu-tools-for-stm32.7-2018-q2-update.win32_1.0.0.201904181610/tools/bin/../lib/gcc/arm-none-eabi/7.3.1/thumb/v7e-m/fpv4-sp/hard/crtbegin.o

.ARM.extab      0x00000000080049dc        0x0
                0x00000000080049dc                . = ALIGN (0x4)
 *(.ARM.extab* .gnu.linkonce.armextab.*)
                0x00000000080049dc                . = ALIGN (0x4)

.ARM            0x00000000080049dc        0x0
                0x00000000080049dc                . = ALIGN (0x4)
                0x00000000080049dc                __exidx_start = .
 *(.ARM.exidx*)
                0x00000000080049dc                __exidx_end = .
                0x00000000080049dc                . = ALIGN (0x4)

.preinit_array  0x00000000080049dc        0x0
                0x00000000080049dc                . = ALIGN (0x4)
                0x00000000080049dc                PROVIDE (__preinit_array_start = .)
 *(.preinit_array*)
                0x00000000080049dc                PROVIDE (__preinit_array_end = .)
                0x00000000080049dc                . = ALIGN (0x4)

.init_array     0x00000000080049dc        0x4
                0x00000000080049dc                . = ALIGN (0x4)
                0x00000000080049dc                PROVIDE (__init_array_start = .)
 *(SORT_BY_NAME(.init_array.*))
 *(.init_array*)
 .init_array    0x00000000080049dc        0x4 f:/prog_files/stmicroelectronics/stm32cubeide_1.3.0/stm32cubeide/plugins/com.st.stm32cube.ide.mcu.externaltools.gnu-tools-for-stm32.7-2018-q2-update.win32_1.0.0.201904181610/tools/bin/../lib/gcc/arm-none-eabi/7.3.1/thumb/v7e-m/fpv4-sp/hard/crtbegin.o
                0x00000000080049e0                PROVIDE (__init_array_end = .)
                0x00000000080049e0                . = ALIGN (0x4)

.fini_array     0x00000000080049e0        0x4
                0x00000000080049e0                . = ALIGN (0x4)
                [!provide]                        PROVIDE (__fini_array_start = .)
 *(SORT_BY_NAME(.fini_array.*))
 *(.fini_array*)
 .fini_array    0x00000000080049e0        0x4 f:/prog_files/stmicroelectronics/stm32cubeide_1.3.0/stm32cubeide/plugins/com.st.stm32cube.ide.mcu.externaltools.gnu-tools-for-stm32.7-2018-q2-update.win32_1.0.0.201904181610/tools/bin/../lib/gcc/arm-none-eabi/7.3.1/thumb/v7e-m/fpv4-sp/hard/crtbegin.o
                [!provide]                        PROVIDE (__fini_array_end = .)
                0x00000000080049e4                . = ALIGN (0x4)
                0x00000000080049e4                _sidata = LOADADDR (.data)

.data           0x0000000020000000       0x4c load address 0x00000000080049e4
                0x0000000020000000                . = ALIGN (0x4)
                0x0000000020000000                _sdata = .
 *(.data)
 *(.data*)
 .data.uwTickPrio
                0x0000000020000000        0x4 Drivers/STM32L4xx_HAL_Driver/Src/stm32l4xx_hal.o
                0x0000000020000000                uwTickPrio
 .data.uwTickFreq
                0x0000000020000004        0x4 Drivers/STM32L4xx_HAL_Driver/Src/stm32l4xx_hal.o
                0x0000000020000004                uwTickFreq
 .data.UNIPOLAR_WD_PATTERN
                0x0000000020000008       0x10 ECUAL/STEPPER/STEPPER.o
 .data.UNIPOLAR_FS_PATTERN
                0x0000000020000018       0x10 ECUAL/STEPPER/STEPPER.o
 .data.UNIPOLAR_HS_PATTERN
                0x0000000020000028       0x20 ECUAL/STEPPER/STEPPER.o
 .data.SystemCoreClock
                0x0000000020000048        0x4 Src/system_stm32l4xx.o
                0x0000000020000048                SystemCoreClock
                0x000000002000004c                . = ALIGN (0x4)
                0x000000002000004c                _edata = .

.igot.plt       0x000000002000004c        0x0 load address 0x0000000008004a30
 .igot.plt      0x000000002000004c        0x0 f:/prog_files/stmicroelectronics/stm32cubeide_1.3.0/stm32cubeide/plugins/com.st.stm32cube.ide.mcu.externaltools.gnu-tools-for-stm32.7-2018-q2-update.win32_1.0.0.201904181610/tools/bin/../lib/gcc/arm-none-eabi/7.3.1/thumb/v7e-m/fpv4-sp/hard/crtbegin.o
                0x000000002000004c                . = ALIGN (0x4)

.bss            0x000000002000004c       0xd8 load address 0x0000000008004a30
                0x000000002000004c                _sbss = .
                0x000000002000004c                __bss_start__ = _sbss
 *(.bss)
 .bss           0x000000002000004c       0x1c f:/prog_files/stmicroelectronics/stm32cubeide_1.3.0/stm32cubeide/plugins/com.st.stm32cube.ide.mcu.externaltools.gnu-tools-for-stm32.7-2018-q2-update.win32_1.0.0.201904181610/tools/bin/../lib/gcc/arm-none-eabi/7.3.1/thumb/v7e-m/fpv4-sp/hard/crtbegin.o
 *(.bss*)
 .bss.gs_STEPPER_info
                0x0000000020000068       0x14 ECUAL/STEPPER/STEPPER.o
 *(COMMON)
 COMMON         0x000000002000007c        0x4 Drivers/STM32L4xx_HAL_Driver/Src/stm32l4xx_hal.o
                0x000000002000007c                uwTick
 COMMON         0x0000000020000080       0xa4 Src/main.o
                0x0000000020000080                htim15
                0x00000000200000c0                hadc1
                0x0000000020000124                . = ALIGN (0x4)
                0x0000000020000124                _ebss = .
                0x0000000020000124                __bss_end__ = _ebss

._user_heap_stack
                0x0000000020000124      0x604 load address 0x0000000008004a30
                0x0000000020000128                . = ALIGN (0x8)
 *fill*         0x0000000020000124        0x4 
                0x0000000020000128                PROVIDE (end = .)
                [!provide]                        PROVIDE (_end = .)
                0x0000000020000328                . = (. + _Min_Heap_Size)
 *fill*         0x0000000020000128      0x200 
                0x0000000020000728                . = (. + _Min_Stack_Size)
 *fill*         0x0000000020000328      0x400 
                0x0000000020000728                . = ALIGN (0x8)

/DISCARD/
 libc.a(*)
 libm.a(*)
 libgcc.a(*)

.ARM.attributes
                0x0000000000000000       0x30
 *(.ARM.attributes)
 .ARM.attributes
                0x0000000000000000       0x22 f:/prog_files/stmicroelectronics/stm32cubeide_1.3.0/stm32cubeide/plugins/com.st.stm32cube.ide.mcu.externaltools.gnu-tools-for-stm32.7-2018-q2-update.win32_1.0.0.201904181610/tools/bin/../lib/gcc/arm-none-eabi/7.3.1/thumb/v7e-m/fpv4-sp/hard/crti.o
 .ARM.attributes
                0x0000000000000022       0x34 f:/prog_files/stmicroelectronics/stm32cubeide_1.3.0/stm32cubeide/plugins/com.st.stm32cube.ide.mcu.externaltools.gnu-tools-for-stm32.7-2018-q2-update.win32_1.0.0.201904181610/tools/bin/../lib/gcc/arm-none-eabi/7.3.1/thumb/v7e-m/fpv4-sp/hard/crtbegin.o
 .ARM.attributes
                0x0000000000000056       0x39 Drivers/STM32L4xx_HAL_Driver/Src/stm32l4xx_hal.o
 .ARM.attributes
                0x000000000000008f       0x39 Drivers/STM32L4xx_HAL_Driver/Src/stm32l4xx_hal_adc.o
 .ARM.attributes
                0x00000000000000c8       0x39 Drivers/STM32L4xx_HAL_Driver/Src/stm32l4xx_hal_cortex.o
 .ARM.attributes
                0x0000000000000101       0x39 Drivers/STM32L4xx_HAL_Driver/Src/stm32l4xx_hal_gpio.o
 .ARM.attributes
                0x000000000000013a       0x39 Drivers/STM32L4xx_HAL_Driver/Src/stm32l4xx_hal_pwr_ex.o
 .ARM.attributes
                0x0000000000000173       0x39 Drivers/STM32L4xx_HAL_Driver/Src/stm32l4xx_hal_rcc.o
 .ARM.attributes
                0x00000000000001ac       0x39 Drivers/STM32L4xx_HAL_Driver/Src/stm32l4xx_hal_rcc_ex.o
 .ARM.attributes
                0x00000000000001e5       0x39 Drivers/STM32L4xx_HAL_Driver/Src/stm32l4xx_hal_tim.o
 .ARM.attributes
                0x000000000000021e       0x39 Drivers/STM32L4xx_HAL_Driver/Src/stm32l4xx_hal_tim_ex.o
 .ARM.attributes
                0x0000000000000257       0x39 ECUAL/STEPPER/STEPPER.o
 .ARM.attributes
                0x0000000000000290       0x39 ECUAL/STEPPER/STEPPER_cfg.o
 .ARM.attributes
                0x00000000000002c9       0x39 Src/main.o
 .ARM.attributes
                0x0000000000000302       0x39 Src/stm32l4xx_hal_msp.o
 .ARM.attributes
                0x000000000000033b       0x39 Src/stm32l4xx_it.o
 .ARM.attributes
                0x0000000000000374       0x39 Src/system_stm32l4xx.o
 .ARM.attributes
                0x00000000000003ad       0x21 Startup/startup_stm32l432kcux.o
 .ARM.attributes
                0x00000000000003ce       0x39 util/DWT_Delay.o
 .ARM.attributes
                0x0000000000000407       0x34 f:/prog_files/stmicroelectronics/stm32cubeide_1.3.0/stm32cubeide/plugins/com.st.stm32cube.ide.mcu.externaltools.gnu-tools-for-stm32.7-2018-q2-update.win32_1.0.0.201904181610/tools/bin/../lib/gcc/arm-none-eabi/7.3.1/../../../../arm-none-eabi/lib/thumb/v7e-m/fpv4-sp/hard\libc_nano.a(lib_a-init.o)
 .ARM.attributes
                0x000000000000043b       0x34 f:/prog_files/stmicroelectronics/stm32cubeide_1.3.0/stm32cubeide/plugins/com.st.stm32cube.ide.mcu.externaltools.gnu-tools-for-stm32.7-2018-q2-update.win32_1.0.0.201904181610/tools/bin/../lib/gcc/arm-none-eabi/7.3.1/../../../../arm-none-eabi/lib/thumb/v7e-m/fpv4-sp/hard\libc_nano.a(lib_a-memset.o)
 .ARM.attributes
                0x000000000000046f       0x22 f:/prog_files/stmicroelectronics/stm32cubeide_1.3.0/stm32cubeide/plugins/com.st.stm32cube.ide.mcu.externaltools.gnu-tools-for-stm32.7-2018-q2-update.win32_1.0.0.201904181610/tools/bin/../lib/gcc/arm-none-eabi/7.3.1/thumb/v7e-m/fpv4-sp/hard\libgcc.a(_arm_addsubdf3.o)
 .ARM.attributes
                0x0000000000000491       0x22 f:/prog_files/stmicroelectronics/stm32cubeide_1.3.0/stm32cubeide/plugins/com.st.stm32cube.ide.mcu.externaltools.gnu-tools-for-stm32.7-2018-q2-update.win32_1.0.0.201904181610/tools/bin/../lib/gcc/arm-none-eabi/7.3.1/thumb/v7e-m/fpv4-sp/hard\libgcc.a(_arm_muldivdf3.o)
 .ARM.attributes
                0x00000000000004b3       0x22 f:/prog_files/stmicroelectronics/stm32cubeide_1.3.0/stm32cubeide/plugins/com.st.stm32cube.ide.mcu.externaltools.gnu-tools-for-stm32.7-2018-q2-update.win32_1.0.0.201904181610/tools/bin/../lib/gcc/arm-none-eabi/7.3.1/thumb/v7e-m/fpv4-sp/hard\libgcc.a(_arm_fixunsdfsi.o)
 .ARM.attributes
                0x00000000000004d5       0x22 f:/prog_files/stmicroelectronics/stm32cubeide_1.3.0/stm32cubeide/plugins/com.st.stm32cube.ide.mcu.externaltools.gnu-tools-for-stm32.7-2018-q2-update.win32_1.0.0.201904181610/tools/bin/../lib/gcc/arm-none-eabi/7.3.1/thumb/v7e-m/fpv4-sp/hard/crtn.o
OUTPUT(Stepper_LAB49.elf elf32-littlearm)

.debug_info     0x0000000000000000     0xea5e
 .debug_info    0x0000000000000000      0xa91 Drivers/STM32L4xx_HAL_Driver/Src/stm32l4xx_hal.o
 .debug_info    0x0000000000000a91     0x1b63 Drivers/STM32L4xx_HAL_Driver/Src/stm32l4xx_hal_adc.o
 .debug_info    0x00000000000025f4      0xebe Drivers/STM32L4xx_HAL_Driver/Src/stm32l4xx_hal_cortex.o
 .debug_info    0x00000000000034b2      0x982 Drivers/STM32L4xx_HAL_Driver/Src/stm32l4xx_hal_gpio.o
 .debug_info    0x0000000000003e34      0xaaa Drivers/STM32L4xx_HAL_Driver/Src/stm32l4xx_hal_pwr_ex.o
 .debug_info    0x00000000000048de      0xcad Drivers/STM32L4xx_HAL_Driver/Src/stm32l4xx_hal_rcc.o
 .debug_info    0x000000000000558b      0xfce Drivers/STM32L4xx_HAL_Driver/Src/stm32l4xx_hal_rcc_ex.o
 .debug_info    0x0000000000006559     0x266f Drivers/STM32L4xx_HAL_Driver/Src/stm32l4xx_hal_tim.o
 .debug_info    0x0000000000008bc8     0x13d8 Drivers/STM32L4xx_HAL_Driver/Src/stm32l4xx_hal_tim_ex.o
 .debug_info    0x0000000000009fa0     0x104b ECUAL/STEPPER/STEPPER.o
 .debug_info    0x000000000000afeb      0x3db ECUAL/STEPPER/STEPPER_cfg.o
 .debug_info    0x000000000000b3c6     0x1251 Src/main.o
 .debug_info    0x000000000000c617     0x1103 Src/stm32l4xx_hal_msp.o
 .debug_info    0x000000000000d71a      0x7eb Src/stm32l4xx_it.o
 .debug_info    0x000000000000df05      0x703 Src/system_stm32l4xx.o
 .debug_info    0x000000000000e608       0x22 Startup/startup_stm32l432kcux.o
 .debug_info    0x000000000000e62a      0x434 util/DWT_Delay.o

.debug_abbrev   0x0000000000000000     0x1dca
 .debug_abbrev  0x0000000000000000      0x1e1 Drivers/STM32L4xx_HAL_Driver/Src/stm32l4xx_hal.o
 .debug_abbrev  0x00000000000001e1      0x24a Drivers/STM32L4xx_HAL_Driver/Src/stm32l4xx_hal_adc.o
 .debug_abbrev  0x000000000000042b      0x2fa Drivers/STM32L4xx_HAL_Driver/Src/stm32l4xx_hal_cortex.o
 .debug_abbrev  0x0000000000000725      0x1c0 Drivers/STM32L4xx_HAL_Driver/Src/stm32l4xx_hal_gpio.o
 .debug_abbrev  0x00000000000008e5      0x1cb Drivers/STM32L4xx_HAL_Driver/Src/stm32l4xx_hal_pwr_ex.o
 .debug_abbrev  0x0000000000000ab0      0x245 Drivers/STM32L4xx_HAL_Driver/Src/stm32l4xx_hal_rcc.o
 .debug_abbrev  0x0000000000000cf5      0x238 Drivers/STM32L4xx_HAL_Driver/Src/stm32l4xx_hal_rcc_ex.o
 .debug_abbrev  0x0000000000000f2d      0x230 Drivers/STM32L4xx_HAL_Driver/Src/stm32l4xx_hal_tim.o
 .debug_abbrev  0x000000000000115d      0x21e Drivers/STM32L4xx_HAL_Driver/Src/stm32l4xx_hal_tim_ex.o
 .debug_abbrev  0x000000000000137b      0x223 ECUAL/STEPPER/STEPPER.o
 .debug_abbrev  0x000000000000159e      0x100 ECUAL/STEPPER/STEPPER_cfg.o
 .debug_abbrev  0x000000000000169e      0x1d5 Src/main.o
 .debug_abbrev  0x0000000000001873      0x1a6 Src/stm32l4xx_hal_msp.o
 .debug_abbrev  0x0000000000001a19      0x15a Src/stm32l4xx_it.o
 .debug_abbrev  0x0000000000001b73      0x150 Src/system_stm32l4xx.o
 .debug_abbrev  0x0000000000001cc3       0x12 Startup/startup_stm32l432kcux.o
 .debug_abbrev  0x0000000000001cd5       0xf5 util/DWT_Delay.o

.debug_aranges  0x0000000000000000      0xe28
 .debug_aranges
                0x0000000000000000      0x108 Drivers/STM32L4xx_HAL_Driver/Src/stm32l4xx_hal.o
 .debug_aranges
                0x0000000000000108      0x210 Drivers/STM32L4xx_HAL_Driver/Src/stm32l4xx_hal_adc.o
 .debug_aranges
                0x0000000000000318      0x118 Drivers/STM32L4xx_HAL_Driver/Src/stm32l4xx_hal_cortex.o
 .debug_aranges
                0x0000000000000430       0x58 Drivers/STM32L4xx_HAL_Driver/Src/stm32l4xx_hal_gpio.o
 .debug_aranges
                0x0000000000000488      0x128 Drivers/STM32L4xx_HAL_Driver/Src/stm32l4xx_hal_pwr_ex.o
 .debug_aranges
                0x00000000000005b0       0x88 Drivers/STM32L4xx_HAL_Driver/Src/stm32l4xx_hal_rcc.o
 .debug_aranges
                0x0000000000000638       0xf0 Drivers/STM32L4xx_HAL_Driver/Src/stm32l4xx_hal_rcc_ex.o
 .debug_aranges
                0x0000000000000728      0x3b8 Drivers/STM32L4xx_HAL_Driver/Src/stm32l4xx_hal_tim.o
 .debug_aranges
                0x0000000000000ae0      0x168 Drivers/STM32L4xx_HAL_Driver/Src/stm32l4xx_hal_tim_ex.o
 .debug_aranges
                0x0000000000000c48       0x68 ECUAL/STEPPER/STEPPER.o
 .debug_aranges
                0x0000000000000cb0       0x18 ECUAL/STEPPER/STEPPER_cfg.o
 .debug_aranges
                0x0000000000000cc8       0x48 Src/main.o
 .debug_aranges
                0x0000000000000d10       0x40 Src/stm32l4xx_hal_msp.o
 .debug_aranges
                0x0000000000000d50       0x68 Src/stm32l4xx_it.o
 .debug_aranges
                0x0000000000000db8       0x28 Src/system_stm32l4xx.o
 .debug_aranges
                0x0000000000000de0       0x28 Startup/startup_stm32l432kcux.o
 .debug_aranges
                0x0000000000000e08       0x20 util/DWT_Delay.o

.debug_ranges   0x0000000000000000      0xd18
 .debug_ranges  0x0000000000000000       0xf8 Drivers/STM32L4xx_HAL_Driver/Src/stm32l4xx_hal.o
 .debug_ranges  0x00000000000000f8      0x200 Drivers/STM32L4xx_HAL_Driver/Src/stm32l4xx_hal_adc.o
 .debug_ranges  0x00000000000002f8      0x108 Drivers/STM32L4xx_HAL_Driver/Src/stm32l4xx_hal_cortex.o
 .debug_ranges  0x0000000000000400       0x48 Drivers/STM32L4xx_HAL_Driver/Src/stm32l4xx_hal_gpio.o
 .debug_ranges  0x0000000000000448      0x118 Drivers/STM32L4xx_HAL_Driver/Src/stm32l4xx_hal_pwr_ex.o
 .debug_ranges  0x0000000000000560       0x78 Drivers/STM32L4xx_HAL_Driver/Src/stm32l4xx_hal_rcc.o
 .debug_ranges  0x00000000000005d8       0xe0 Drivers/STM32L4xx_HAL_Driver/Src/stm32l4xx_hal_rcc_ex.o
 .debug_ranges  0x00000000000006b8      0x3a8 Drivers/STM32L4xx_HAL_Driver/Src/stm32l4xx_hal_tim.o
 .debug_ranges  0x0000000000000a60      0x158 Drivers/STM32L4xx_HAL_Driver/Src/stm32l4xx_hal_tim_ex.o
 .debug_ranges  0x0000000000000bb8       0x58 ECUAL/STEPPER/STEPPER.o
 .debug_ranges  0x0000000000000c10       0x38 Src/main.o
 .debug_ranges  0x0000000000000c48       0x30 Src/stm32l4xx_hal_msp.o
 .debug_ranges  0x0000000000000c78       0x58 Src/stm32l4xx_it.o
 .debug_ranges  0x0000000000000cd0       0x18 Src/system_stm32l4xx.o
 .debug_ranges  0x0000000000000ce8       0x20 Startup/startup_stm32l432kcux.o
 .debug_ranges  0x0000000000000d08       0x10 util/DWT_Delay.o

.debug_macro    0x0000000000000000    0x215d9
 .debug_macro   0x0000000000000000      0x240 Drivers/STM32L4xx_HAL_Driver/Src/stm32l4xx_hal.o
 .debug_macro   0x0000000000000240      0xa5a Drivers/STM32L4xx_HAL_Driver/Src/stm32l4xx_hal.o
 .debug_macro   0x0000000000000c9a       0xc0 Drivers/STM32L4xx_HAL_Driver/Src/stm32l4xx_hal.o
 .debug_macro   0x0000000000000d5a       0x2e Drivers/STM32L4xx_HAL_Driver/Src/stm32l4xx_hal.o
 .debug_macro   0x0000000000000d88       0x28 Drivers/STM32L4xx_HAL_Driver/Src/stm32l4xx_hal.o
 .debug_macro   0x0000000000000db0       0x22 Drivers/STM32L4xx_HAL_Driver/Src/stm32l4xx_hal.o
 .debug_macro   0x0000000000000dd2       0x8e Drivers/STM32L4xx_HAL_Driver/Src/stm32l4xx_hal.o
 .debug_macro   0x0000000000000e60       0x51 Drivers/STM32L4xx_HAL_Driver/Src/stm32l4xx_hal.o
 .debug_macro   0x0000000000000eb1       0xef Drivers/STM32L4xx_HAL_Driver/Src/stm32l4xx_hal.o
 .debug_macro   0x0000000000000fa0       0x6a Drivers/STM32L4xx_HAL_Driver/Src/stm32l4xx_hal.o
 .debug_macro   0x000000000000100a      0x1df Drivers/STM32L4xx_HAL_Driver/Src/stm32l4xx_hal.o
 .debug_macro   0x00000000000011e9       0x1c Drivers/STM32L4xx_HAL_Driver/Src/stm32l4xx_hal.o
 .debug_macro   0x0000000000001205       0x22 Drivers/STM32L4xx_HAL_Driver/Src/stm32l4xx_hal.o
 .debug_macro   0x0000000000001227       0xdf Drivers/STM32L4xx_HAL_Driver/Src/stm32l4xx_hal.o
 .debug_macro   0x0000000000001306     0x102d Drivers/STM32L4xx_HAL_Driver/Src/stm32l4xx_hal.o
 .debug_macro   0x0000000000002333      0x11f Drivers/STM32L4xx_HAL_Driver/Src/stm32l4xx_hal.o
 .debug_macro   0x0000000000002452    0x14775 Drivers/STM32L4xx_HAL_Driver/Src/stm32l4xx_hal.o
 .debug_macro   0x0000000000016bc7       0x43 Drivers/STM32L4xx_HAL_Driver/Src/stm32l4xx_hal.o
 .debug_macro   0x0000000000016c0a     0x3890 Drivers/STM32L4xx_HAL_Driver/Src/stm32l4xx_hal.o
 .debug_macro   0x000000000001a49a      0x174 Drivers/STM32L4xx_HAL_Driver/Src/stm32l4xx_hal.o
 .debug_macro   0x000000000001a60e       0x5c Drivers/STM32L4xx_HAL_Driver/Src/stm32l4xx_hal.o
 .debug_macro   0x000000000001a66a     0x118b Drivers/STM32L4xx_HAL_Driver/Src/stm32l4xx_hal.o
 .debug_macro   0x000000000001b7f5      0x535 Drivers/STM32L4xx_HAL_Driver/Src/stm32l4xx_hal.o
 .debug_macro   0x000000000001bd2a      0x241 Drivers/STM32L4xx_HAL_Driver/Src/stm32l4xx_hal.o
 .debug_macro   0x000000000001bf6b      0x13d Drivers/STM32L4xx_HAL_Driver/Src/stm32l4xx_hal.o
 .debug_macro   0x000000000001c0a8      0x122 Drivers/STM32L4xx_HAL_Driver/Src/stm32l4xx_hal.o
 .debug_macro   0x000000000001c1ca      0x26b Drivers/STM32L4xx_HAL_Driver/Src/stm32l4xx_hal.o
 .debug_macro   0x000000000001c435      0x23d Drivers/STM32L4xx_HAL_Driver/Src/stm32l4xx_hal.o
 .debug_macro   0x000000000001c672      0xdd8 Drivers/STM32L4xx_HAL_Driver/Src/stm32l4xx_hal.o
 .debug_macro   0x000000000001d44a      0x61d Drivers/STM32L4xx_HAL_Driver/Src/stm32l4xx_hal.o
 .debug_macro   0x000000000001da67      0x241 Drivers/STM32L4xx_HAL_Driver/Src/stm32l4xx_hal.o
 .debug_macro   0x000000000001dca8      0x375 Drivers/STM32L4xx_HAL_Driver/Src/stm32l4xx_hal.o
 .debug_macro   0x000000000001e01d       0xd6 Drivers/STM32L4xx_HAL_Driver/Src/stm32l4xx_hal.o
 .debug_macro   0x000000000001e0f3      0x22c Drivers/STM32L4xx_HAL_Driver/Src/stm32l4xx_hal.o
 .debug_macro   0x000000000001e31f       0x5e Drivers/STM32L4xx_HAL_Driver/Src/stm32l4xx_hal.o
 .debug_macro   0x000000000001e37d       0xa5 Drivers/STM32L4xx_HAL_Driver/Src/stm32l4xx_hal.o
 .debug_macro   0x000000000001e422      0x122 Drivers/STM32L4xx_HAL_Driver/Src/stm32l4xx_hal.o
 .debug_macro   0x000000000001e544      0x357 Drivers/STM32L4xx_HAL_Driver/Src/stm32l4xx_hal.o
 .debug_macro   0x000000000001e89b      0xa44 Drivers/STM32L4xx_HAL_Driver/Src/stm32l4xx_hal.o
 .debug_macro   0x000000000001f2df      0x12e Drivers/STM32L4xx_HAL_Driver/Src/stm32l4xx_hal.o
 .debug_macro   0x000000000001f40d      0x23a Drivers/STM32L4xx_HAL_Driver/Src/stm32l4xx_hal.o
 .debug_macro   0x000000000001f647      0x215 Drivers/STM32L4xx_HAL_Driver/Src/stm32l4xx_hal_adc.o
 .debug_macro   0x000000000001f85c      0x1f8 Drivers/STM32L4xx_HAL_Driver/Src/stm32l4xx_hal_cortex.o
 .debug_macro   0x000000000001fa54      0x237 Drivers/STM32L4xx_HAL_Driver/Src/stm32l4xx_hal_gpio.o
 .debug_macro   0x000000000001fc8b      0x21c Drivers/STM32L4xx_HAL_Driver/Src/stm32l4xx_hal_pwr_ex.o
 .debug_macro   0x000000000001fea7      0x23a Drivers/STM32L4xx_HAL_Driver/Src/stm32l4xx_hal_rcc.o
 .debug_macro   0x00000000000200e1      0x22e Drivers/STM32L4xx_HAL_Driver/Src/stm32l4xx_hal_rcc_ex.o
 .debug_macro   0x000000000002030f      0x1f9 Drivers/STM32L4xx_HAL_Driver/Src/stm32l4xx_hal_tim.o
 .debug_macro   0x0000000000020508      0x1f8 Drivers/STM32L4xx_HAL_Driver/Src/stm32l4xx_hal_tim_ex.o
 .debug_macro   0x0000000000020700      0x215 ECUAL/STEPPER/STEPPER.o
 .debug_macro   0x0000000000020915       0x52 ECUAL/STEPPER/STEPPER.o
 .debug_macro   0x0000000000020967      0x207 ECUAL/STEPPER/STEPPER_cfg.o
 .debug_macro   0x0000000000020b6e       0x4c ECUAL/STEPPER/STEPPER_cfg.o
 .debug_macro   0x0000000000020bba      0x211 Src/main.o
 .debug_macro   0x0000000000020dcb      0x202 Src/stm32l4xx_hal_msp.o
 .debug_macro   0x0000000000020fcd      0x20c Src/stm32l4xx_it.o
 .debug_macro   0x00000000000211d9      0x1fe Src/system_stm32l4xx.o
 .debug_macro   0x00000000000213d7      0x202 util/DWT_Delay.o

.debug_line     0x0000000000000000     0xcb1e
 .debug_line    0x0000000000000000      0xb1d Drivers/STM32L4xx_HAL_Driver/Src/stm32l4xx_hal.o
 .debug_line    0x0000000000000b1d     0x151e Drivers/STM32L4xx_HAL_Driver/Src/stm32l4xx_hal_adc.o
 .debug_line    0x000000000000203b      0xc06 Drivers/STM32L4xx_HAL_Driver/Src/stm32l4xx_hal_cortex.o
 .debug_line    0x0000000000002c41      0xa48 Drivers/STM32L4xx_HAL_Driver/Src/stm32l4xx_hal_gpio.o
 .debug_line    0x0000000000003689      0xc0d Drivers/STM32L4xx_HAL_Driver/Src/stm32l4xx_hal_pwr_ex.o
 .debug_line    0x0000000000004296      0xc05 Drivers/STM32L4xx_HAL_Driver/Src/stm32l4xx_hal_rcc.o
 .debug_line    0x0000000000004e9b      0xe0a Drivers/STM32L4xx_HAL_Driver/Src/stm32l4xx_hal_rcc_ex.o
 .debug_line    0x0000000000005ca5     0x1c3e Drivers/STM32L4xx_HAL_Driver/Src/stm32l4xx_hal_tim.o
 .debug_line    0x00000000000078e3      0xfbc Drivers/STM32L4xx_HAL_Driver/Src/stm32l4xx_hal_tim_ex.o
 .debug_line    0x000000000000889f      0xae8 ECUAL/STEPPER/STEPPER.o
 .debug_line    0x0000000000009387      0x8ce ECUAL/STEPPER/STEPPER_cfg.o
 .debug_line    0x0000000000009c55      0x9a4 Src/main.o
 .debug_line    0x000000000000a5f9      0x930 Src/stm32l4xx_hal_msp.o
 .debug_line    0x000000000000af29      0x990 Src/stm32l4xx_it.o
 .debug_line    0x000000000000b8b9      0x905 Src/system_stm32l4xx.o
 .debug_line    0x000000000000c1be       0x80 Startup/startup_stm32l432kcux.o
 .debug_line    0x000000000000c23e      0x8e0 util/DWT_Delay.o

.debug_str      0x0000000000000000    0xd145a
 .debug_str     0x0000000000000000    0xcd4ba Drivers/STM32L4xx_HAL_Driver/Src/stm32l4xx_hal.o
                                      0xcdaab (size before relaxing)
 .debug_str     0x00000000000cd4ba      0xd93 Drivers/STM32L4xx_HAL_Driver/Src/stm32l4xx_hal_adc.o
                                      0xcdec9 (size before relaxing)
 .debug_str     0x00000000000ce24d      0x3e0 Drivers/STM32L4xx_HAL_Driver/Src/stm32l4xx_hal_cortex.o
                                      0xcd914 (size before relaxing)
 .debug_str     0x00000000000ce62d      0x2bb Drivers/STM32L4xx_HAL_Driver/Src/stm32l4xx_hal_gpio.o
                                      0xcd454 (size before relaxing)
 .debug_str     0x00000000000ce8e8      0x445 Drivers/STM32L4xx_HAL_Driver/Src/stm32l4xx_hal_pwr_ex.o
                                      0xcd67d (size before relaxing)
 .debug_str     0x00000000000ced2d      0x50d Drivers/STM32L4xx_HAL_Driver/Src/stm32l4xx_hal_rcc.o
                                      0xcd756 (size before relaxing)
 .debug_str     0x00000000000cf23a      0x6c5 Drivers/STM32L4xx_HAL_Driver/Src/stm32l4xx_hal_rcc_ex.o
                                      0xcd9ce (size before relaxing)
 .debug_str     0x00000000000cf8ff      0xf56 Drivers/STM32L4xx_HAL_Driver/Src/stm32l4xx_hal_tim.o
                                      0xce251 (size before relaxing)
 .debug_str     0x00000000000d0855      0x606 Drivers/STM32L4xx_HAL_Driver/Src/stm32l4xx_hal_tim_ex.o
                                      0xcdb72 (size before relaxing)
 .debug_str     0x00000000000d0e5b      0x394 ECUAL/STEPPER/STEPPER.o
                                      0xcd9d6 (size before relaxing)
 .debug_str     0x00000000000d11ef       0x1f ECUAL/STEPPER/STEPPER_cfg.o
                                      0xcd14d (size before relaxing)
 .debug_str     0x00000000000d120e       0x8a Src/main.o
                                      0xcdca5 (size before relaxing)
 .debug_str     0x00000000000d1298       0x25 Src/stm32l4xx_hal_msp.o
                                      0xcdc17 (size before relaxing)
 .debug_str     0x00000000000d12bd       0xd2 Src/stm32l4xx_it.o
                                      0xcd463 (size before relaxing)
 .debug_str     0x00000000000d138f       0x50 Src/system_stm32l4xx.o
                                      0xcd1d5 (size before relaxing)
 .debug_str     0x00000000000d13df       0x31 Startup/startup_stm32l432kcux.o
                                         0x63 (size before relaxing)
 .debug_str     0x00000000000d1410       0x4a util/DWT_Delay.o
                                      0xcd0c9 (size before relaxing)

.comment        0x0000000000000000       0x7b
 .comment       0x0000000000000000       0x7b Drivers/STM32L4xx_HAL_Driver/Src/stm32l4xx_hal.o
                                         0x7c (size before relaxing)
 .comment       0x000000000000007b       0x7c Drivers/STM32L4xx_HAL_Driver/Src/stm32l4xx_hal_adc.o
 .comment       0x000000000000007b       0x7c Drivers/STM32L4xx_HAL_Driver/Src/stm32l4xx_hal_cortex.o
 .comment       0x000000000000007b       0x7c Drivers/STM32L4xx_HAL_Driver/Src/stm32l4xx_hal_gpio.o
 .comment       0x000000000000007b       0x7c Drivers/STM32L4xx_HAL_Driver/Src/stm32l4xx_hal_pwr_ex.o
 .comment       0x000000000000007b       0x7c Drivers/STM32L4xx_HAL_Driver/Src/stm32l4xx_hal_rcc.o
 .comment       0x000000000000007b       0x7c Drivers/STM32L4xx_HAL_Driver/Src/stm32l4xx_hal_rcc_ex.o
 .comment       0x000000000000007b       0x7c Drivers/STM32L4xx_HAL_Driver/Src/stm32l4xx_hal_tim.o
 .comment       0x000000000000007b       0x7c Drivers/STM32L4xx_HAL_Driver/Src/stm32l4xx_hal_tim_ex.o
 .comment       0x000000000000007b       0x7c ECUAL/STEPPER/STEPPER.o
 .comment       0x000000000000007b       0x7c ECUAL/STEPPER/STEPPER_cfg.o
 .comment       0x000000000000007b       0x7c Src/main.o
 .comment       0x000000000000007b       0x7c Src/stm32l4xx_hal_msp.o
 .comment       0x000000000000007b       0x7c Src/stm32l4xx_it.o
 .comment       0x000000000000007b       0x7c Src/system_stm32l4xx.o
 .comment       0x000000000000007b       0x7c util/DWT_Delay.o

.debug_frame    0x0000000000000000     0x3bac
 .debug_frame   0x0000000000000000      0x3dc Drivers/STM32L4xx_HAL_Driver/Src/stm32l4xx_hal.o
 .debug_frame   0x00000000000003dc      0x9b0 Drivers/STM32L4xx_HAL_Driver/Src/stm32l4xx_hal_adc.o
 .debug_frame   0x0000000000000d8c      0x498 Drivers/STM32L4xx_HAL_Driver/Src/stm32l4xx_hal_cortex.o
 .debug_frame   0x0000000000001224      0x14c Drivers/STM32L4xx_HAL_Driver/Src/stm32l4xx_hal_gpio.o
 .debug_frame   0x0000000000001370      0x4a4 Drivers/STM32L4xx_HAL_Driver/Src/stm32l4xx_hal_pwr_ex.o
 .debug_frame   0x0000000000001814      0x1f4 Drivers/STM32L4xx_HAL_Driver/Src/stm32l4xx_hal_rcc.o
 .debug_frame   0x0000000000001a08      0x3d0 Drivers/STM32L4xx_HAL_Driver/Src/stm32l4xx_hal_rcc_ex.o
 .debug_frame   0x0000000000001dd8     0x1148 Drivers/STM32L4xx_HAL_Driver/Src/stm32l4xx_hal_tim.o
 .debug_frame   0x0000000000002f20      0x638 Drivers/STM32L4xx_HAL_Driver/Src/stm32l4xx_hal_tim_ex.o
 .debug_frame   0x0000000000003558      0x18c ECUAL/STEPPER/STEPPER.o
 .debug_frame   0x00000000000036e4       0xe4 Src/main.o
 .debug_frame   0x00000000000037c8       0xc8 Src/stm32l4xx_hal_msp.o
 .debug_frame   0x0000000000003890      0x128 Src/stm32l4xx_it.o
 .debug_frame   0x00000000000039b8       0x58 Src/system_stm32l4xx.o
 .debug_frame   0x0000000000003a10       0x30 util/DWT_Delay.o
 .debug_frame   0x0000000000003a40       0x2c f:/prog_files/stmicroelectronics/stm32cubeide_1.3.0/stm32cubeide/plugins/com.st.stm32cube.ide.mcu.externaltools.gnu-tools-for-stm32.7-2018-q2-update.win32_1.0.0.201904181610/tools/bin/../lib/gcc/arm-none-eabi/7.3.1/../../../../arm-none-eabi/lib/thumb/v7e-m/fpv4-sp/hard\libc_nano.a(lib_a-init.o)
 .debug_frame   0x0000000000003a6c       0x20 f:/prog_files/stmicroelectronics/stm32cubeide_1.3.0/stm32cubeide/plugins/com.st.stm32cube.ide.mcu.externaltools.gnu-tools-for-stm32.7-2018-q2-update.win32_1.0.0.201904181610/tools/bin/../lib/gcc/arm-none-eabi/7.3.1/../../../../arm-none-eabi/lib/thumb/v7e-m/fpv4-sp/hard\libc_nano.a(lib_a-memset.o)
 .debug_frame   0x0000000000003a8c       0xac f:/prog_files/stmicroelectronics/stm32cubeide_1.3.0/stm32cubeide/plugins/com.st.stm32cube.ide.mcu.externaltools.gnu-tools-for-stm32.7-2018-q2-update.win32_1.0.0.201904181610/tools/bin/../lib/gcc/arm-none-eabi/7.3.1/thumb/v7e-m/fpv4-sp/hard\libgcc.a(_arm_addsubdf3.o)
 .debug_frame   0x0000000000003b38       0x50 f:/prog_files/stmicroelectronics/stm32cubeide_1.3.0/stm32cubeide/plugins/com.st.stm32cube.ide.mcu.externaltools.gnu-tools-for-stm32.7-2018-q2-update.win32_1.0.0.201904181610/tools/bin/../lib/gcc/arm-none-eabi/7.3.1/thumb/v7e-m/fpv4-sp/hard\libgcc.a(_arm_muldivdf3.o)
 .debug_frame   0x0000000000003b88       0x24 f:/prog_files/stmicroelectronics/stm32cubeide_1.3.0/stm32cubeide/plugins/com.st.stm32cube.ide.mcu.externaltools.gnu-tools-for-stm32.7-2018-q2-update.win32_1.0.0.201904181610/tools/bin/../lib/gcc/arm-none-eabi/7.3.1/thumb/v7e-m/fpv4-sp/hard\libgcc.a(_arm_fixunsdfsi.o)
