../Core/Src/main.c:74:6:demoTFT	32	static
../Core/Src/main.c:81:6:updateDateTime	16	static
../Core/Src/main.c:91:6:validateDate	32	static
../Core/Src/main.c:110:6:validateTime	16	static
../Core/Src/main.c:121:6:checkInputFormat	32	static
../Core/Src/main.c:139:6:Set_RTC_TimeAndDate	104	static
../Core/Src/main.c:203:6:UART_ReceiveString	24	static
../Core/Src/main.c:224:5:main	48	static
../Core/Src/main.c:301:6:SystemClock_Config	88	static
../Core/Src/main.c:349:13:MX_RTC_Init	16	static
../Core/Src/main.c:407:13:MX_SPI1_Init	8	static
../Core/Src/main.c:445:13:MX_USART1_UART_Init	8	static
../Core/Src/main.c:478:13:MX_GPIO_Init	40	static
../Core/Src/main.c:517:6:Error_Handler	4	static,ignoring_inline_asm
