../Core/Src/main.c:70:6:start_signal	24	static
../Core/Src/main.c:87:9:check_response	8	static
../Core/Src/main.c:104:9:read_byte	16	static
../Core/Src/main.c:117:6:process_sensor_data	24	static
../Core/Src/main.c:139:6:delay_us	16	static
../Core/Src/main.c:144:6:send_uart_message	16	static
../Core/Src/main.c:154:5:main	16	static
../Core/Src/main.c:209:6:SystemClock_Config	72	static
../Core/Src/main.c:248:13:MX_TIM1_Init	32	static
../Core/Src/main.c:294:13:MX_USART1_UART_Init	8	static
../Core/Src/main.c:327:13:MX_GPIO_Init	16	static
../Core/Src/main.c:347:6:Error_Handler	4	static,ignoring_inline_asm
